2026-10-07 15:39:19,270 INFO o.a.j.u.JMeterUtils: Setting Locale to en_EN
2026-10-07 15:39:19,285 INFO o.a.j.JMeter: Loading user properties from: /home/stephenkh/Apps/apache-jmeter-5.6.3/bin/user.properties
2026-10-07 15:39:19,285 INFO o.a.j.JMeter: Loading system properties from: /home/stephenkh/Apps/apache-jmeter-5.6.3/bin/system.properties
2026-10-07 15:39:19,285 INFO o.a.j.JMeter: Setting JMeter property: threads=1
2026-10-07 15:39:19,285 INFO o.a.j.JMeter: Setting JMeter property: rampup=1
2026-10-07 15:39:19,285 INFO o.a.j.JMeter: Setting JMeter property: loops=1
2026-10-07 15:39:19,285 INFO o.a.j.JMeter: Setting JMeter property: jmeter.reportgenerator.overall_granularity=1000
2026-10-07 15:39:19,289 INFO o.a.j.JMeter: Copyright (c) 1998-2024 The Apache Software Foundation
2026-10-07 15:39:19,289 INFO o.a.j.JMeter: Version 5.6.3
2026-10-07 15:39:19,289 INFO o.a.j.JMeter: java.version=11.0.32.1
2026-10-07 15:39:19,289 INFO o.a.j.JMeter: java.vm.name=OpenJDK 64-Bit Server VM
2026-10-07 15:39:19,289 INFO o.a.j.JMeter: os.name=Linux
2026-10-07 15:39:19,289 INFO o.a.j.JMeter: os.arch=amd64
2026-10-07 15:39:19,289 INFO o.a.j.JMeter: os.version=7.0.0-1014-aws
2026-10-07 15:39:19,289 INFO o.a.j.JMeter: file.encoding=UTF-8
2026-10-07 15:39:19,289 INFO o.a.j.JMeter: java.awt.headless=true
2026-10-07 15:39:19,289 INFO o.a.j.JMeter: Max memory     =1073741824
2026-10-07 15:39:19,289 INFO o.a.j.JMeter: Available Processors =4
2026-10-07 15:39:19,294 INFO o.a.j.JMeter: Default Locale=English (EN)
2026-10-07 15:39:19,294 INFO o.a.j.JMeter: JMeter  Locale=English (EN)
2026-10-07 15:39:19,294 INFO o.a.j.JMeter: JMeterHome=/home/stephenkh/Apps/apache-jmeter-5.6.3
2026-10-07 15:39:19,294 INFO o.a.j.JMeter: user.dir  =/home/stephenkh/Projects/RestfulApiStressTestProject
2026-10-07 15:39:19,294 INFO o.a.j.JMeter: PWD       =/home/stephenkh/Projects/RestfulApiStressTestProject
2026-10-07 15:39:19,295 INFO o.a.j.JMeter: IP: 10.8.0.171 Name: U-20KWYTW2PEX4Y FullName: U-20KWYTW2PEX4Y.devbox.ogcio.com
2026-10-07 15:39:19,302 INFO o.a.j.JMeter: Setting property 'jmeter.reportgenerator.outputdir' to:'/home/stephenkh/Projects/RestfulApiStressTestProject/results/threads1_rampup1_loops1_normal/dashboard'
2026-10-07 15:39:19,304 INFO o.a.j.s.FileServer: Default base='/home/stephenkh/Projects/RestfulApiStressTestProject'
2026-10-07 15:39:19,305 INFO o.a.j.s.FileServer: Set new base='/home/stephenkh/Projects/RestfulApiStressTestProject'
2026-10-07 15:39:19,450 INFO o.a.j.s.SaveService: Testplan (JMX) version: 2.2. Testlog (JTL) version: 2.2
2026-10-07 15:39:19,464 INFO o.a.j.s.SaveService: Using SaveService properties version 5.0
2026-10-07 15:39:19,466 INFO o.a.j.s.SaveService: Using SaveService properties file encoding UTF-8
2026-10-07 15:39:19,468 INFO o.a.j.s.SaveService: Loading file: /home/stephenkh/Projects/RestfulApiStressTestProject/RestfulApiTesting.jmx
2026-10-07 15:39:19,510 INFO o.a.j.p.h.s.HTTPSamplerBase: Parser for text/html is org.apache.jmeter.protocol.http.parser.LagartoBasedHtmlParser
2026-10-07 15:39:19,510 INFO o.a.j.p.h.s.HTTPSamplerBase: Parser for application/xhtml+xml is org.apache.jmeter.protocol.http.parser.LagartoBasedHtmlParser
2026-10-07 15:39:19,510 INFO o.a.j.p.h.s.HTTPSamplerBase: Parser for application/xml is org.apache.jmeter.protocol.http.parser.LagartoBasedHtmlParser
2026-10-07 15:39:19,510 INFO o.a.j.p.h.s.HTTPSamplerBase: Parser for text/xml is org.apache.jmeter.protocol.http.parser.LagartoBasedHtmlParser
2026-10-07 15:39:19,510 INFO o.a.j.p.h.s.HTTPSamplerBase: Parser for text/vnd.wap.wml is org.apache.jmeter.protocol.http.parser.RegexpHTMLParser
2026-10-07 15:39:19,510 INFO o.a.j.p.h.s.HTTPSamplerBase: Parser for text/css is org.apache.jmeter.protocol.http.parser.CssParser
2026-10-07 15:39:19,539 INFO o.a.j.JMeter: Creating summariser <summary>
2026-10-07 15:39:19,542 INFO o.a.j.r.d.ReportGenerator: ReportGenerator will use for Parsing the separator: ','
2026-10-07 15:39:19,543 INFO o.a.j.r.d.ReportGenerator: Will generate report at end of test from  results file: /home/stephenkh/Projects/RestfulApiStressTestProject/results/threads1_rampup1_loops1_normal/results.jtl
2026-10-07 15:39:19,543 INFO o.a.j.r.d.ReportGenerator: Reading report generator properties from: /home/stephenkh/Apps/apache-jmeter-5.6.3/bin/reportgenerator.properties
2026-10-07 15:39:19,543 INFO o.a.j.r.d.ReportGenerator: Merging with JMeter properties
2026-10-07 15:39:19,546 INFO o.a.j.r.c.ReportGeneratorConfiguration: Property 'jmeter.reportgenerator.temp_dir' not found, using default value 'temp' instead.
2026-10-07 15:39:19,547 INFO o.a.j.r.c.ReportGeneratorConfiguration: Property 'jmeter.reportgenerator.apdex_per_transaction' not found, using default value 'null' instead.
2026-10-07 15:39:19,547 INFO o.a.j.r.c.ReportGeneratorConfiguration: apdex_per_transaction is empty, not APDEX per transaction customization
2026-10-07 15:39:19,548 INFO o.a.j.r.c.ReportGeneratorConfiguration: Property 'jmeter.reportgenerator.sample_filter' not found, using default value 'null' instead.
2026-10-07 15:39:19,548 INFO o.a.j.r.c.ReportGeneratorConfiguration: Property 'jmeter.reportgenerator.report_title' not found, using default value 'null' instead.
2026-10-07 15:39:19,548 INFO o.a.j.r.c.ReportGeneratorConfiguration: Property 'jmeter.reportgenerator.start_date' not found, using default value 'null' instead.
2026-10-07 15:39:19,548 INFO o.a.j.r.c.ReportGeneratorConfiguration: Property 'jmeter.reportgenerator.end_date' not found, using default value 'null' instead.
2026-10-07 15:39:19,548 INFO o.a.j.r.c.ReportGeneratorConfiguration: Property 'jmeter.reportgenerator.date_format' not found, using default value 'null' instead.
2026-10-07 15:39:19,548 INFO o.a.j.r.c.ReportGeneratorConfiguration: Will use date range start date: null, end date: null
2026-10-07 15:39:19,550 INFO o.a.j.r.c.ReportGeneratorConfiguration: Property 'jmeter.reportgenerator.graph.totalTPS.exclude_controllers' not found, using default value 'false' instead.
2026-10-07 15:39:19,550 INFO o.a.j.r.c.ReportGeneratorConfiguration: Property 'jmeter.reportgenerator.graph.activeThreadsOverTime.exclude_controllers' not found, using default value 'false' instead.
2026-10-07 15:39:19,550 INFO o.a.j.r.c.ReportGeneratorConfiguration: Property 'jmeter.reportgenerator.graph.timeVsThreads.exclude_controllers' not found, using default value 'false' instead.
2026-10-07 15:39:19,550 INFO o.a.j.r.c.ReportGeneratorConfiguration: Property 'jmeter.reportgenerator.graph.responseTimeDistribution.exclude_controllers' not found, using default value 'false' instead.
2026-10-07 15:39:19,550 INFO o.a.j.r.c.ReportGeneratorConfiguration: Property 'jmeter.reportgenerator.graph.transactionsPerSecond.exclude_controllers' not found, using default value 'false' instead.
2026-10-07 15:39:19,550 INFO o.a.j.r.c.ReportGeneratorConfiguration: Property 'jmeter.reportgenerator.graph.responseTimePercentiles.exclude_controllers' not found, using default value 'false' instead.
2026-10-07 15:39:19,550 INFO o.a.j.r.c.ReportGeneratorConfiguration: Property 'jmeter.reportgenerator.graph.responseTimePercentilesOverTime.exclude_controllers' not found, using default value 'false' instead.
2026-10-07 15:39:19,551 INFO o.a.j.r.c.ReportGeneratorConfiguration: Property 'jmeter.reportgenerator.graph.responseTimesOverTime.exclude_controllers' not found, using default value 'false' instead.
2026-10-07 15:39:19,551 INFO o.a.j.r.c.ReportGeneratorConfiguration: Property 'jmeter.reportgenerator.graph.connectTimeOverTime.exclude_controllers' not found, using default value 'false' instead.
2026-10-07 15:39:19,551 INFO o.a.j.r.c.ReportGeneratorConfiguration: Property 'jmeter.reportgenerator.graph.latenciesOverTime.exclude_controllers' not found, using default value 'false' instead.
2026-10-07 15:39:19,551 INFO o.a.j.r.c.ReportGeneratorConfiguration: Property 'jmeter.reportgenerator.exporter.json.filters_only_sample_series' not found, using default value 'true' instead.
2026-10-07 15:39:19,551 INFO o.a.j.r.c.ReportGeneratorConfiguration: Property 'jmeter.reportgenerator.exporter.json.series_filter' not found, using default value '' instead.
2026-10-07 15:39:19,551 INFO o.a.j.r.c.ReportGeneratorConfiguration: Property 'jmeter.reportgenerator.exporter.json.show_controllers_only' not found, using default value 'false' instead.
2026-10-07 15:39:19,552 INFO o.a.j.r.c.ReportGeneratorConfiguration: Property 'jmeter.reportgenerator.exporter.html.filters_only_sample_series' not found, using default value 'true' instead.
2026-10-07 15:39:19,552 INFO o.a.j.r.c.ReportGeneratorConfiguration: Property 'jmeter.reportgenerator.exporter.html.series_filter' not found, using default value '' instead.
2026-10-07 15:39:19,552 INFO o.a.j.r.c.ReportGeneratorConfiguration: Property 'jmeter.reportgenerator.exporter.html.show_controllers_only' not found, using default value 'false' instead.
2026-10-07 15:39:19,559 INFO o.a.j.e.StandardJMeterEngine: Running the test!
2026-10-07 15:39:19,559 INFO o.a.j.s.SampleEvent: List of sample_variables: []
2026-10-07 15:39:19,559 INFO o.a.j.s.SampleEvent: List of sample_variables: []
2026-10-07 15:39:19,568 INFO o.a.j.e.u.CompoundVariable: Note: Function class names must contain the string: '.functions.'
2026-10-07 15:39:19,568 INFO o.a.j.e.u.CompoundVariable: Note: Function class names must not contain the string: '.gui.'
2026-10-07 15:39:19,909 INFO o.a.j.JMeter: Running test (1791387559909)
2026-10-07 15:39:19,930 INFO o.a.j.e.StandardJMeterEngine: Starting ThreadGroup: 1 : RESTful users
2026-10-07 15:39:19,930 INFO o.a.j.e.StandardJMeterEngine: Starting 1 threads for group RESTful users.
2026-10-07 15:39:19,930 INFO o.a.j.e.StandardJMeterEngine: Thread will continue on error
2026-10-07 15:39:19,930 INFO o.a.j.t.ThreadGroup: Starting thread group... number=1 threads=1 ramp-up=1 delayedStart=false
2026-10-07 15:39:19,934 INFO o.a.j.t.ThreadGroup: Started thread group number 1
2026-10-07 15:39:19,934 INFO o.a.j.e.StandardJMeterEngine: All thread groups have been started
2026-10-07 15:39:19,940 INFO o.a.j.t.JMeterThread: Thread started: RESTful users 1-1
2026-10-07 15:39:20,423 INFO o.a.j.p.h.s.HTTPHCAbstractImpl: Local host = U-20KWYTW2PEX4Y
2026-10-07 15:39:20,427 INFO o.a.j.p.h.s.HTTPHC4Impl: HTTP request retry count = 0
2026-10-07 15:39:20,428 INFO o.a.j.s.SampleResult: Note: Sample TimeStamps are START times
2026-10-07 15:39:20,428 INFO o.a.j.s.SampleResult: sampleresult.default.encoding is set to UTF-8
2026-10-07 15:39:20,428 INFO o.a.j.s.SampleResult: sampleresult.useNanoTime=true
2026-10-07 15:39:20,428 INFO o.a.j.s.SampleResult: sampleresult.nanoThreadSleep=5000
2026-10-07 15:39:20,514 INFO o.a.j.t.JMeterThread: Thread is done: RESTful users 1-1
2026-10-07 15:39:20,514 INFO o.a.j.t.JMeterThread: Thread finished: RESTful users 1-1
2026-10-07 15:39:20,515 INFO o.a.j.e.StandardJMeterEngine: Notifying test listeners of end of test
2026-10-07 15:39:20,517 INFO o.a.j.r.Summariser: summary =      1 in 00:00:01 =    1.6/s Avg:    28 Min:    28 Max:    28 Err:     0 (0.00%)
2026-10-07 15:39:20,517 INFO o.a.j.JMeter: Generating Dashboard
2026-10-07 15:39:20,517 INFO o.a.j.r.d.ReportGenerator: Flushing result collector before report Generation
2026-10-07 15:39:20,523 INFO o.a.j.r.p.NormalizerSampleConsumer: Using format, 'ms', to parse timeStamp field
2026-10-07 15:39:20,561 INFO o.a.j.r.p.AbstractSampleConsumer: class org.apache.jmeter.report.processor.AggregateConsumer#stopProducing(): beginDate produced 0 samples
2026-10-07 15:39:20,561 INFO o.a.j.r.p.AbstractSampleConsumer: class org.apache.jmeter.report.processor.AggregateConsumer#stopProducing(): endDate produced 0 samples
2026-10-07 15:39:20,562 INFO o.a.j.r.p.AbstractSampleConsumer: class org.apache.jmeter.report.processor.ApdexSummaryConsumer#stopProducing(): apdexSummary produced 0 samples
2026-10-07 15:39:20,562 INFO o.a.j.r.p.AbstractSampleConsumer: class org.apache.jmeter.report.processor.RequestsSummaryConsumer#stopProducing(): requestsSummary produced 0 samples
2026-10-07 15:39:20,563 INFO o.a.j.r.p.AbstractSampleConsumer: class org.apache.jmeter.report.processor.StatisticsSummaryConsumer#stopProducing(): statisticsSummary produced 0 samples
2026-10-07 15:39:20,564 INFO o.a.j.r.p.AbstractSampleConsumer: class org.apache.jmeter.report.processor.Top5ErrorsBySamplerConsumer#stopProducing(): top5ErrorsBySampler produced 0 samples
2026-10-07 15:39:20,564 INFO o.a.j.r.p.AbstractSampleConsumer: class org.apache.jmeter.report.processor.ErrorsSummaryConsumer#stopProducing(): errorsSummary produced 0 samples
2026-10-07 15:39:20,564 INFO o.a.j.r.p.AbstractSampleConsumer: class org.apache.jmeter.report.processor.graph.impl.HitsPerSecondGraphConsumer#stopProducing(): hitsPerSecond produced 0 samples
2026-10-07 15:39:20,570 INFO o.a.j.r.p.AbstractSampleConsumer: class org.apache.jmeter.report.processor.graph.impl.LatencyVSRequestGraphConsumer#stopProducing(): latencyVsRequest produced 0 samples
2026-10-07 15:39:20,570 INFO o.a.j.r.p.AbstractSampleConsumer: class org.apache.jmeter.report.processor.graph.impl.SyntheticResponseTimeDistributionGraphConsumer#stopProducing(): syntheticResponseTimeDistribution produced 0 samples
2026-10-07 15:39:20,571 INFO o.a.j.r.p.AbstractSampleConsumer: class org.apache.jmeter.report.processor.graph.impl.BytesThroughputGraphConsumer#stopProducing(): bytesThroughputOverTime produced 0 samples
2026-10-07 15:39:20,571 INFO o.a.j.r.p.AbstractSampleConsumer: class org.apache.jmeter.report.processor.graph.impl.CodesPerSecondGraphConsumer#stopProducing(): codesPerSecond produced 0 samples
2026-10-07 15:39:20,572 INFO o.a.j.r.p.AbstractSampleConsumer: class org.apache.jmeter.report.processor.graph.impl.ResponseTimeVSRequestGraphConsumer#stopProducing(): responseTimeVsRequest produced 0 samples
2026-10-07 15:39:20,572 INFO o.a.j.r.p.AbstractSampleConsumer: class org.apache.jmeter.report.processor.FilterConsumer#stopProducing(): startIntervalControlerFilter produced 7 samples
2026-10-07 15:39:20,572 INFO o.a.j.r.p.AbstractSampleConsumer: class org.apache.jmeter.report.processor.graph.impl.TotalTPSGraphConsumer#stopProducing(): totalTPS produced 0 samples
2026-10-07 15:39:20,572 INFO o.a.j.r.p.AbstractSampleConsumer: class org.apache.jmeter.report.processor.graph.impl.ActiveThreadsGraphConsumer#stopProducing(): activeThreadsOverTime produced 0 samples
2026-10-07 15:39:20,572 INFO o.a.j.r.p.AbstractSampleConsumer: class org.apache.jmeter.report.processor.graph.impl.TimeVSThreadGraphConsumer#stopProducing(): timeVsThreads produced 0 samples
2026-10-07 15:39:20,572 INFO o.a.j.r.p.AbstractSampleConsumer: class org.apache.jmeter.report.processor.graph.impl.ResponseTimeDistributionGraphConsumer#stopProducing(): responseTimeDistribution produced 0 samples
2026-10-07 15:39:20,573 INFO o.a.j.r.p.AbstractSampleConsumer: class org.apache.jmeter.report.processor.graph.impl.TransactionsPerSecondGraphConsumer#stopProducing(): transactionsPerSecond produced 0 samples
2026-10-07 15:39:20,573 INFO o.a.j.r.p.AbstractSampleConsumer: class org.apache.jmeter.report.processor.graph.impl.ResponseTimePercentilesGraphConsumer#stopProducing(): responseTimePercentiles produced 0 samples
2026-10-07 15:39:20,573 INFO o.a.j.r.p.AbstractSampleConsumer: class org.apache.jmeter.report.processor.graph.impl.ResponseTimePercentilesOverTimeGraphConsumer#stopProducing(): responseTimePercentilesOverTime produced 0 samples
2026-10-07 15:39:20,573 INFO o.a.j.r.p.AbstractSampleConsumer: class org.apache.jmeter.report.processor.graph.impl.ResponseTimeOverTimeGraphConsumer#stopProducing(): responseTimesOverTime produced 0 samples
2026-10-07 15:39:20,574 INFO o.a.j.r.p.AbstractSampleConsumer: class org.apache.jmeter.report.processor.graph.impl.ConnectTimeOverTimeGraphConsumer#stopProducing(): connectTimeOverTime produced 0 samples
2026-10-07 15:39:20,574 INFO o.a.j.r.p.AbstractSampleConsumer: class org.apache.jmeter.report.processor.graph.impl.LatencyOverTimeGraphConsumer#stopProducing(): latenciesOverTime produced 0 samples
2026-10-07 15:39:20,574 INFO o.a.j.r.p.AbstractSampleConsumer: class org.apache.jmeter.report.processor.FilterConsumer#stopProducing(): nameFilter produced 15 samples
2026-10-07 15:39:20,574 INFO o.a.j.r.p.AbstractSampleConsumer: class org.apache.jmeter.report.processor.FilterConsumer#stopProducing(): dateRangeFilter produced 3 samples
2026-10-07 15:39:20,574 INFO o.a.j.r.p.AbstractSampleConsumer: class org.apache.jmeter.report.processor.NormalizerSampleConsumer#stopProducing(): normalizer produced 1 samples
2026-10-07 15:39:20,574 INFO o.a.j.r.p.CsvFileSampleSource: produce(): 1 samples produced in 32ms on channel 0
2026-10-07 15:39:20,574 INFO o.a.j.r.d.ReportGenerator: Exporting data using exporter:'json' of className:'org.apache.jmeter.report.dashboard.JsonExporter'
2026-10-07 15:39:20,646 INFO o.a.j.r.d.JsonExporter: Found data for consumer statisticsSummary in context
2026-10-07 15:39:20,646 INFO o.a.j.r.d.JsonExporter: Creating statistics for overall
2026-10-07 15:39:20,647 INFO o.a.j.r.d.JsonExporter: Creating statistics for other transactions
2026-10-07 15:39:20,647 INFO o.a.j.r.d.JsonExporter: Checking output folder
2026-10-07 15:39:20,647 INFO o.a.j.r.d.JsonExporter: Writing statistics JSON to /home/stephenkh/Projects/RestfulApiStressTestProject/results/threads1_rampup1_loops1_normal/dashboard/statistics.json
2026-10-07 15:39:20,678 INFO o.a.j.r.d.ReportGenerator: Exporting data using exporter:'html' of className:'org.apache.jmeter.report.dashboard.HtmlTemplateExporter'
2026-10-07 15:39:20,679 INFO o.a.j.r.d.HtmlTemplateExporter: Will generate dashboard in folder: /home/stephenkh/Projects/RestfulApiStressTestProject/results/threads1_rampup1_loops1_normal/dashboard
2026-10-07 15:39:20,747 INFO o.a.j.r.d.HtmlTemplateExporter: Report will be generated in: /home/stephenkh/Projects/RestfulApiStressTestProject/results/threads1_rampup1_loops1_normal/dashboard, creating folder structure
2026-10-07 15:39:20,749 INFO o.a.j.r.d.TemplateVisitor: Copying folder from '/home/stephenkh/Apps/apache-jmeter-5.6.3/bin/report-template' to '/home/stephenkh/Projects/RestfulApiStressTestProject/results/threads1_rampup1_loops1_normal/dashboard', got message: /home/stephenkh/Projects/RestfulApiStressTestProject/results/threads1_rampup1_loops1_normal/dashboard, found non empty folder with following content [/home/stephenkh/Projects/RestfulApiStressTestProject/results/threads1_rampup1_loops1_normal/dashboard/statistics.json], will be ignored
2026-10-07 15:39:20,882 INFO o.a.j.JMeter: Dashboard generated
